------------------------------------------------------------
Timing Analyzer Summary
------------------------------------------------------------

Type  : Slow 1100mV 85C Model Setup 'CLOCK_50'
Slack : -5.889
TNS   : -167.413

Type  : Slow 1100mV 85C Model Hold 'CLOCK_50'
Slack : 0.222
TNS   : 0.000

Type  : Slow 1100mV 85C Model Minimum Pulse Width 'CLOCK_50'
Slack : -0.394
TNS   : -27.957

Type  : Slow 1100mV 0C Model Setup 'CLOCK_50'
Slack : -5.922
TNS   : -166.077

Type  : Slow 1100mV 0C Model Hold 'CLOCK_50'
Slack : 0.210
TNS   : 0.000

Type  : Slow 1100mV 0C Model Minimum Pulse Width 'CLOCK_50'
Slack : -0.394
TNS   : -29.195

Type  : Fast 1100mV 85C Model Setup 'CLOCK_50'
Slack : -2.823
TNS   : -77.802

Type  : Fast 1100mV 85C Model Hold 'CLOCK_50'
Slack : 0.128
TNS   : 0.000

Type  : Fast 1100mV 85C Model Minimum Pulse Width 'CLOCK_50'
Slack : -0.096
TNS   : -4.946

Type  : Fast 1100mV 0C Model Setup 'CLOCK_50'
Slack : -2.593
TNS   : -69.372

Type  : Fast 1100mV 0C Model Hold 'CLOCK_50'
Slack : 0.116
TNS   : 0.000

Type  : Fast 1100mV 0C Model Minimum Pulse Width 'CLOCK_50'
Slack : -0.093
TNS   : -4.814

------------------------------------------------------------
