------------------------------------------------------------
Timing Analyzer Summary
------------------------------------------------------------

Type  : Slow 1100mV 85C Model Setup 'CLOCK_50'
Slack : -3.163
TNS   : -90.887

Type  : Slow 1100mV 85C Model Hold 'CLOCK_50'
Slack : 0.303
TNS   : 0.000

Type  : Slow 1100mV 85C Model Minimum Pulse Width 'CLOCK_50'
Slack : -0.394
TNS   : -17.202

Type  : Slow 1100mV 0C Model Setup 'CLOCK_50'
Slack : -3.094
TNS   : -89.530

Type  : Slow 1100mV 0C Model Hold 'CLOCK_50'
Slack : 0.285
TNS   : 0.000

Type  : Slow 1100mV 0C Model Minimum Pulse Width 'CLOCK_50'
Slack : -0.394
TNS   : -18.754

Type  : Fast 1100mV 85C Model Setup 'CLOCK_50'
Slack : -1.400
TNS   : -37.653

Type  : Fast 1100mV 85C Model Hold 'CLOCK_50'
Slack : 0.176
TNS   : 0.000

Type  : Fast 1100mV 85C Model Minimum Pulse Width 'CLOCK_50'
Slack : -0.087
TNS   : -2.837

Type  : Fast 1100mV 0C Model Setup 'CLOCK_50'
Slack : -1.203
TNS   : -32.327

Type  : Fast 1100mV 0C Model Hold 'CLOCK_50'
Slack : 0.158
TNS   : 0.000

Type  : Fast 1100mV 0C Model Minimum Pulse Width 'CLOCK_50'
Slack : -0.088
TNS   : -2.820

------------------------------------------------------------
